# Generated by Tahoe::DotLine_FormatterT $Revision: 1.6 $

begin: tahoe
title. . . . . . . . . . . . . . . . . . . . . . . = collocation BC (meshfree_kl_shell)
geometry_format. . . . . . . . . . . . . . . . . . = automatic
geometry_format = automatic (default)
geometry_format = TahoeII
geometry_format = ExodusII
geometry_file. . . . . . . . . . . . . . . . . . . = pinched_cyl.geom
output_format. . . . . . . . . . . . . . . . . . . = automatic
output_format = automatic (default)
output_format = Tahoe
output_format = TecPlot
output_format = EnSight
output_format = ExodusII
restart_output_inc . . . . . . . . . . . . . . . . = 0
restart_output_inc >= 0 (default)
echo_input . . . . . . . . . . . . . . . . . . . . = false
echo_input(default) = false
logging. . . . . . . . . . . . . . . . . . . . . . = moderate
logging = verbose
logging = moderate (default)
logging = silent
compute_IC . . . . . . . . . . . . . . . . . . . . = true
compute_IC(default) = true

begin: tahoe::time
scaling. . . . . . . . . . . . . . . . . . . . . . = linear
scaling = linear (default)
scaling = logarithmic
init_time. . . . . . . . . . . . . . . . . . . . . = 0.000000e+00
init_time >= 0 (default)
num_steps. . . . . . . . . . . . . . . . . . . . . = 2000
num_steps >= 0
output_inc . . . . . . . . . . . . . . . . . . . . = 2000
output_inc(default) = 0
max_step_cuts. . . . . . . . . . . . . . . . . . . = 0
max_step_cuts >= 0 (default)
time_step. . . . . . . . . . . . . . . . . . . . . = 2.000000e-03
time_step >= 0

begin: tahoe::time::schedule_function

begin: tahoe::time::schedule_function::piecewise_linear

begin: tahoe::time::schedule_function::piecewise_linear::OrderedPair
x. . . . . . . . . . . . . . . . . . . . . . . . . = 0.000000e+00
y. . . . . . . . . . . . . . . . . . . . . . . . . = 0.000000e+00
end: tahoe::time::schedule_function::piecewise_linear::OrderedPair

begin: tahoe::time::schedule_function::piecewise_linear::OrderedPair
x. . . . . . . . . . . . . . . . . . . . . . . . . = 2.000000e+00
y. . . . . . . . . . . . . . . . . . . . . . . . . = 1.000000e+00
end: tahoe::time::schedule_function::piecewise_linear::OrderedPair

begin: tahoe::time::schedule_function::piecewise_linear::OrderedPair
x. . . . . . . . . . . . . . . . . . . . . . . . . = 4.000000e+00
y. . . . . . . . . . . . . . . . . . . . . . . . . = 1.000000e+00
end: tahoe::time::schedule_function::piecewise_linear::OrderedPair

end: tahoe::time::schedule_function::piecewise_linear

end: tahoe::time::schedule_function

end: tahoe::time

begin: tahoe::nodes

begin: tahoe::nodes::field
field_name . . . . . . . . . . . . . . . . . . . . = displacement
solution_group . . . . . . . . . . . . . . . . . . = 1
solution_group >= 1 (default)
integrator . . . . . . . . . . . . . . . . . . . . = central_difference
integrator = linear_static
integrator = static (default)
integrator = trapezoid
integrator = linear_HHT
integrator = nonlinear_HHT
integrator = central_difference
integrator = Verlet
integrator = Gear6
integrator = mixed
total_energy_output_inc. . . . . . . . . . . . . . = 0
total_energy_output_inc >= 0 (default)

begin: tahoe::nodes::field::dof_labels

begin: tahoe::nodes::field::dof_labels::String
value. . . . . . . . . . . . . . . . . . . . . . . = D_X
end: tahoe::nodes::field::dof_labels::String

begin: tahoe::nodes::field::dof_labels::String
value. . . . . . . . . . . . . . . . . . . . . . . = D_Y
end: tahoe::nodes::field::dof_labels::String

begin: tahoe::nodes::field::dof_labels::String
value. . . . . . . . . . . . . . . . . . . . . . . = D_Z
end: tahoe::nodes::field::dof_labels::String

end: tahoe::nodes::field::dof_labels

begin: tahoe::nodes::field::kinematic_BC
node_ID. . . . . . . . . . . . . . . . . . . . . . = 1
dof. . . . . . . . . . . . . . . . . . . . . . . . = 1
type . . . . . . . . . . . . . . . . . . . . . . . = fixed
type = fixed (default)
type = u
type = D_u
type = DD_u
type = D3_u
type = D4_u
schedule . . . . . . . . . . . . . . . . . . . . . = 0
schedule(default) = 0
value. . . . . . . . . . . . . . . . . . . . . . . = 0.000000e+00
value(default) = 0.000000e+00
collocation. . . . . . . . . . . . . . . . . . . . = false
collocation(default) = false
end: tahoe::nodes::field::kinematic_BC

begin: tahoe::nodes::field::kinematic_BC
node_ID. . . . . . . . . . . . . . . . . . . . . . = 1
dof. . . . . . . . . . . . . . . . . . . . . . . . = 2
type . . . . . . . . . . . . . . . . . . . . . . . = fixed
type = fixed (default)
type = u
type = D_u
type = DD_u
type = D3_u
type = D4_u
schedule . . . . . . . . . . . . . . . . . . . . . = 0
schedule(default) = 0
value. . . . . . . . . . . . . . . . . . . . . . . = 0.000000e+00
value(default) = 0.000000e+00
collocation. . . . . . . . . . . . . . . . . . . . = false
collocation(default) = false
end: tahoe::nodes::field::kinematic_BC

begin: tahoe::nodes::field::kinematic_BC
node_ID. . . . . . . . . . . . . . . . . . . . . . = 2
dof. . . . . . . . . . . . . . . . . . . . . . . . = 1
type . . . . . . . . . . . . . . . . . . . . . . . = fixed
type = fixed (default)
type = u
type = D_u
type = DD_u
type = D3_u
type = D4_u
schedule . . . . . . . . . . . . . . . . . . . . . = 0
schedule(default) = 0
value. . . . . . . . . . . . . . . . . . . . . . . = 0.000000e+00
value(default) = 0.000000e+00
collocation. . . . . . . . . . . . . . . . . . . . = false
collocation(default) = false
end: tahoe::nodes::field::kinematic_BC

begin: tahoe::nodes::field::kinematic_BC
node_ID. . . . . . . . . . . . . . . . . . . . . . = 2
dof. . . . . . . . . . . . . . . . . . . . . . . . = 2
type . . . . . . . . . . . . . . . . . . . . . . . = fixed
type = fixed (default)
type = u
type = D_u
type = DD_u
type = D3_u
type = D4_u
schedule . . . . . . . . . . . . . . . . . . . . . = 0
schedule(default) = 0
value. . . . . . . . . . . . . . . . . . . . . . . = 0.000000e+00
value(default) = 0.000000e+00
collocation. . . . . . . . . . . . . . . . . . . . = false
collocation(default) = false
end: tahoe::nodes::field::kinematic_BC

begin: tahoe::nodes::field::kinematic_BC
node_ID. . . . . . . . . . . . . . . . . . . . . . = 3
dof. . . . . . . . . . . . . . . . . . . . . . . . = 3
type . . . . . . . . . . . . . . . . . . . . . . . = fixed
type = fixed (default)
type = u
type = D_u
type = DD_u
type = D3_u
type = D4_u
schedule . . . . . . . . . . . . . . . . . . . . . = 0
schedule(default) = 0
value. . . . . . . . . . . . . . . . . . . . . . . = 0.000000e+00
value(default) = 0.000000e+00
collocation. . . . . . . . . . . . . . . . . . . . = false
collocation(default) = false
end: tahoe::nodes::field::kinematic_BC

begin: tahoe::nodes::field::kinematic_BC
node_ID. . . . . . . . . . . . . . . . . . . . . . = 4
dof. . . . . . . . . . . . . . . . . . . . . . . . = 3
type . . . . . . . . . . . . . . . . . . . . . . . = fixed
type = fixed (default)
type = u
type = D_u
type = DD_u
type = D3_u
type = D4_u
schedule . . . . . . . . . . . . . . . . . . . . . = 0
schedule(default) = 0
value. . . . . . . . . . . . . . . . . . . . . . . = 0.000000e+00
value(default) = 0.000000e+00
collocation. . . . . . . . . . . . . . . . . . . . = false
collocation(default) = false
end: tahoe::nodes::field::kinematic_BC

begin: tahoe::nodes::field::kinematic_BC
node_ID. . . . . . . . . . . . . . . . . . . . . . = 3
dof. . . . . . . . . . . . . . . . . . . . . . . . = 1
type . . . . . . . . . . . . . . . . . . . . . . . = u
type = fixed (default)
type = u
type = D_u
type = DD_u
type = D3_u
type = D4_u
schedule . . . . . . . . . . . . . . . . . . . . . = 1
schedule(default) = 0
value. . . . . . . . . . . . . . . . . . . . . . . = -1.000000e+00
value(default) = 0.000000e+00
collocation. . . . . . . . . . . . . . . . . . . . = true
collocation(default) = false
end: tahoe::nodes::field::kinematic_BC

begin: tahoe::nodes::field::kinematic_BC
node_ID. . . . . . . . . . . . . . . . . . . . . . = 4
dof. . . . . . . . . . . . . . . . . . . . . . . . = 1
type . . . . . . . . . . . . . . . . . . . . . . . = u
type = fixed (default)
type = u
type = D_u
type = DD_u
type = D3_u
type = D4_u
schedule . . . . . . . . . . . . . . . . . . . . . = 1
schedule(default) = 0
value. . . . . . . . . . . . . . . . . . . . . . . = 1.000000e+00
value(default) = 0.000000e+00
collocation. . . . . . . . . . . . . . . . . . . . = true
collocation(default) = false
end: tahoe::nodes::field::kinematic_BC

end: tahoe::nodes::field

end: tahoe::nodes

begin: tahoe::element_list

begin: tahoe::element_list::meshfree_kl_shell
field_name . . . . . . . . . . . . . . . . . . . . = displacement
shell_thickness. . . . . . . . . . . . . . . . . . = 3.000000e+00
shell_thickness > 0.000000e+00
Young_modulus. . . . . . . . . . . . . . . . . . . = 3.000000e+06
Young_modulus > 0.000000e+00
Poisson_ratio. . . . . . . . . . . . . . . . . . . = 3.000000e-01
support_factor . . . . . . . . . . . . . . . . . . = 2.500000e+00
support_factor(default) = 3.000000e+00
completeness . . . . . . . . . . . . . . . . . . . = 2
completeness(default) = 3
kernel . . . . . . . . . . . . . . . . . . . . . . = 1
kernel(default) = 0
load_x . . . . . . . . . . . . . . . . . . . . . . = 0.000000e+00
load_x(default) = 0.000000e+00
load_y . . . . . . . . . . . . . . . . . . . . . . = 0.000000e+00
load_y(default) = 0.000000e+00
load_z . . . . . . . . . . . . . . . . . . . . . . = 0.000000e+00
load_z(default) = 0.000000e+00
density. . . . . . . . . . . . . . . . . . . . . . = 1.000000e+00
density > 0.000000e+00
density(default) = 1.000000e+00
stab_natural . . . . . . . . . . . . . . . . . . . = 1.000000e+00
stab_natural(default) = 1.000000e+00
stab_bending . . . . . . . . . . . . . . . . . . . = 0.000000e+00
stab_bending(default) = 0.000000e+00
stab_siggrad . . . . . . . . . . . . . . . . . . . = 1
stab_siggrad(default) = 1
stab_scni. . . . . . . . . . . . . . . . . . . . . = 0.000000e+00
stab_scni(default) = 0.000000e+00
smoothed_gradient. . . . . . . . . . . . . . . . . = 0
smoothed_gradient(default) = 0
yield_stress . . . . . . . . . . . . . . . . . . . = 0.000000e+00
yield_stress(default) = 0.000000e+00
hardening_modulus. . . . . . . . . . . . . . . . . = 0.000000e+00
hardening_modulus(default) = 0.000000e+00
yield_saturation . . . . . . . . . . . . . . . . . = 0.000000e+00
yield_saturation(default) = 0.000000e+00
saturation_rate. . . . . . . . . . . . . . . . . . = 0.000000e+00
saturation_rate(default) = 0.000000e+00
finite_strain. . . . . . . . . . . . . . . . . . . = 0
finite_strain(default) = 0
thickness_update . . . . . . . . . . . . . . . . . = 0
thickness_update(default) = 0
corotational . . . . . . . . . . . . . . . . . . . = 1
corotational(default) = 1
monitor_node . . . . . . . . . . . . . . . . . . . = 601
monitor_node(default) = 0
monitor_stride . . . . . . . . . . . . . . . . . . = 1
monitor_stride(default) = 1
monitor_count. . . . . . . . . . . . . . . . . . . = 1
monitor_count(default) = 1
damping. . . . . . . . . . . . . . . . . . . . . . = 2.000000e+01
damping(default) = 0.000000e+00
contact_stiffness. . . . . . . . . . . . . . . . . = 0.000000e+00
contact_stiffness(default) = 0.000000e+00
contact_r_in . . . . . . . . . . . . . . . . . . . = 0.000000e+00
contact_r_in(default) = 0.000000e+00
contact_r_out. . . . . . . . . . . . . . . . . . . = 0.000000e+00
contact_r_out(default) = 0.000000e+00
penalty_coupling . . . . . . . . . . . . . . . . . = 0.000000e+00
penalty_coupling(default) = 0.000000e+00
couple_node_ID_a . . . . . . . . . . . . . . . . . = none
couple_node_ID_a(default) = none
couple_node_ID_b . . . . . . . . . . . . . . . . . = none
couple_node_ID_b(default) = none
end: tahoe::element_list::meshfree_kl_shell

end: tahoe::element_list

begin: tahoe::linear_solver
print_eqnos. . . . . . . . . . . . . . . . . . . . = false
print_eqnos(default) = false
check_code . . . . . . . . . . . . . . . . . . . . = no_check
check_code = no_check (default)
check_code = small_pivots
check_code = all_pivots
check_code = print_LHS
check_code = print_RHS
check_code = print_solution
check_code = check_LHS
check_LHS_perturbation . . . . . . . . . . . . . . = 1.000000e-08
check_LHS_perturbation >= 0.000000e+00
check_LHS_perturbation(default) = 1.000000e-08

begin: tahoe::linear_solver::diagonal_matrix
end: tahoe::linear_solver::diagonal_matrix

end: tahoe::linear_solver

end: tahoe


 E q u a t i o n    S y s t e m    D a t a :

 Local number of equations . . . . . . . . . . . = 3536
 Total number of equations . . . . . . . . . . . = 3536

 Time = 4.000000e+00
 Step 2000 of 2000

   Start time: Tue Jun 23 00:49:25 2026
 Construction: 1.337972e+00 sec.
     Solution: 1.450087e+01 sec.
    Stop time: Tue Jun 23 00:49:42 2026

 End Execution

