#!python
cubit.cmd('brick x 1 y 1 z 1')
cubit.cmd('undo')
cubit.cmd('undo')
cubit.cmd('undo')
cubit.cmd('undo')
cubit.cmd('undo')
cubit.cmd('undo')
cubit.cmd('undo')
cubit.cmd('undo')
cubit.cmd('undo')
cubit.cmd('undo')
cubit.cmd('reset')
cubit.cmd('create surface rectangle width 1 height 1 zplane ')
cubit.cmd('create face node     ')
cubit.cmd('create face node 1 2 3 4 13 14 15 16 1 13 ')
cubit.cmd('create face node 1 2 3 4 ')
cubit.cmd('create face node 1 2 3 4 ')
cubit.cmd('create face node 1 2 3 4 ')
cubit.cmd('create face node 1 2 3 4 ')
cubit.cmd('mesh surface 1 ')
cubit.cmd('undo')
cubit.cmd('undo')
cubit.cmd('undo')
cubit.cmd('undo')
cubit.cmd('undo')
cubit.cmd('undo')
cubit.cmd('undo')
cubit.cmd('reset')
cubit.cmd('create surface rectangle width 1 height 1 zplane ')
cubit.cmd('mesh volume 1 ')
cubit.cmd('mesh volume 1 ')
cubit.cmd('mesh volume 1 ')
cubit.cmd('mesh volume 1 ')
cubit.cmd('mesh volume 1 ')
cubit.cmd('mesh volume 1 ')
cubit.cmd('reset')
cubit.cmd('create surface rectangle width 1 height 1 zplane ')
cubit.cmd('surface 1  size auto factor 7')
cubit.cmd('surface 1  size auto factor 7')
cubit.cmd('mesh surface 1 ')
cubit.cmd('save as "/home/saman/Desktop/Ph.D./SurfaceElement/geometry1/rectangle.cub" overwrite')
cubit.cmd('import mesh geometry "/home/saman/Desktop/Ph.D./SurfaceElement/geometry1/film2D.geom" block all use nodeset sideset feature_angle 135.00 linear merge ')
cubit.cmd('open "/home/saman/Desktop/Ph.D./SurfaceElement/geometry1/rectangle.cub"')
cubit.cmd('set large exodus file off')
cubit.cmd('export mesh "/home/saman/Desktop/Ph.D./SurfaceElement/geometry1/1.geom" dimension 2 overwrite')
