## C:/Program Files/Cubit 7.0/Program/Cubit.exe
## Cubit Version 6.0-01290
## Revised 10/17/2001 11:56 AM
## Running 04/16/2002 02:12:10 PM
## Command Options:
## -warning = On
## -information = On
##
## Create transition geometries
##
create brick width 40.0 depth 40.0 height 1
create brick width 20.0 depth 20.0 height 1
create brick width 10.0 depth 10.0 height 1
create brick width 5.0 depth 5.0 height 1
create brick width 2.5 depth 2.5 height 1
create brick width 1.25 depth 1.25 height 1
##
## Geometric operations - subtract, webcut, and unite
##
subtract body 2 from body 1 keep  
subtract body 3 from body 2 keep
subtract body 4 from body 3 keep
subtract body 5 from body 4 keep
subtract body 6 from body 5 keep
delete body 1 2 3 4 5
webcut body 6 7 8 9 10 11  with plane yplane offset
webcut body 6 to 17 with plane xplane offset 
unite body 25 13 
unite body 26 14 
unite body 27 15 
unite body 28 16 
unite body 29 17 
unite body 19 7 
unite body 20 8 
unite body 21 9 
unite body 22 10 
unite body 23 11 
##
## Create pre-crack 
##
surface 98 106 merge off 
surface 122 114 merge off
surface 138 130 merge off
surface 154 146 merge off
surface 170 162 merge off
surface 244 184 merge off
##
## Imprint and merge geometries
##
imprint all 
merge all
##
## Indicate element block and establish element type
##
block 1 surface 245 239 181 183 294 235 284 225 274 215 264 205 254 195
block 1 Element Type quad8
##
## Stipulate scheme (pave) and element sizes
## Transition with a 2 to 1 ratio
##
surface 254 195 size 1.28 
surface 254 195 scheme pave 
surface 264 205 size .64 
surface 264 205 scheme pave 
surface 274 215 size 0.32 
surface 274 215 scheme pave 
surface 284 225 size 0.16 
surface 284 225 scheme pave  
surface 294 235 size 0.08 
surface 294 235 scheme pave 
surface 245 239 181 183 size 0.04 
surface 245 239 181 183 scheme pave  
##
## Mesh surface (only 2-D for now)
##
mesh surface 254 195
mesh surface 264 205
mesh surface 274 215 
mesh surface 284 225
mesh surface 294 235
mesh surface 245 239 181 183
##
## Create nodeset and export genesis file
##
nodeset 1 curve 237 495 236 
nodeset 2 curve 219 400 218 
##
## Export genesis
##
export genesis "Kfield_square.gen" 
