# Generated by Tahoe::DotLine_FormatterT $Revision: 1.6 $

begin: tahoe
title. . . . . . . . . . . . . . . . . . . . . . . = 2D uniaxial tension, default linear solver
author . . . . . . . . . . . . . . . . . . . . . . = paklein
geometry_format. . . . . . . . . . . . . . . . . . = automatic
geometry_format = automatic (default)
geometry_format = TahoeII
geometry_format = ExodusII
geometry_file. . . . . . . . . . . . . . . . . . . = ./geometry/square.1.geom
output_format. . . . . . . . . . . . . . . . . . . = automatic
output_format = automatic (default)
output_format = Tahoe
output_format = TecPlot
output_format = EnSight
output_format = ExodusII
restart_output_inc . . . . . . . . . . . . . . . . = 0
restart_output_inc >= 0 (default)
echo_input . . . . . . . . . . . . . . . . . . . . = false
echo_input(default) = false
logging. . . . . . . . . . . . . . . . . . . . . . = moderate
logging = verbose
logging = moderate (default)
logging = silent
compute_IC . . . . . . . . . . . . . . . . . . . . = true
compute_IC(default) = true

begin: tahoe::time
scaling. . . . . . . . . . . . . . . . . . . . . . = linear
scaling = linear (default)
scaling = logarithmic
init_time. . . . . . . . . . . . . . . . . . . . . = 0.000000e+00
init_time >= 0 (default)
num_steps. . . . . . . . . . . . . . . . . . . . . = 1
num_steps >= 0
output_inc . . . . . . . . . . . . . . . . . . . . = 1
output_inc(default) = 0
max_step_cuts. . . . . . . . . . . . . . . . . . . = 0
max_step_cuts >= 0 (default)
time_step. . . . . . . . . . . . . . . . . . . . . = 1.000000e+00
time_step >= 0

begin: tahoe::time::schedule_function

begin: tahoe::time::schedule_function::piecewise_linear

begin: tahoe::time::schedule_function::piecewise_linear::OrderedPair
x. . . . . . . . . . . . . . . . . . . . . . . . . = 0.000000e+00
y. . . . . . . . . . . . . . . . . . . . . . . . . = 0.000000e+00
end: tahoe::time::schedule_function::piecewise_linear::OrderedPair

begin: tahoe::time::schedule_function::piecewise_linear::OrderedPair
x. . . . . . . . . . . . . . . . . . . . . . . . . = 1.000000e+00
y. . . . . . . . . . . . . . . . . . . . . . . . . = 1.000000e+00
end: tahoe::time::schedule_function::piecewise_linear::OrderedPair

end: tahoe::time::schedule_function::piecewise_linear

end: tahoe::time::schedule_function

end: tahoe::time

begin: tahoe::nodes

begin: tahoe::nodes::field
field_name . . . . . . . . . . . . . . . . . . . . = displacement
solution_group . . . . . . . . . . . . . . . . . . = 1
solution_group >= 1 (default)
integrator . . . . . . . . . . . . . . . . . . . . = static
integrator = linear_static
integrator = static (default)
integrator = trapezoid
integrator = linear_HHT
integrator = nonlinear_HHT
integrator = central_difference
integrator = Verlet
integrator = Gear6
integrator = mixed
total_energy_output_inc. . . . . . . . . . . . . . = 0
total_energy_output_inc >= 0 (default)

begin: tahoe::nodes::field::dof_labels

begin: tahoe::nodes::field::dof_labels::String
value. . . . . . . . . . . . . . . . . . . . . . . = D_X
end: tahoe::nodes::field::dof_labels::String

begin: tahoe::nodes::field::dof_labels::String
value. . . . . . . . . . . . . . . . . . . . . . . = D_Y
end: tahoe::nodes::field::dof_labels::String

end: tahoe::nodes::field::dof_labels

begin: tahoe::nodes::field::kinematic_BC
node_ID. . . . . . . . . . . . . . . . . . . . . . = 1
dof. . . . . . . . . . . . . . . . . . . . . . . . = 2
type . . . . . . . . . . . . . . . . . . . . . . . = fixed
type = fixed (default)
type = u
type = D_u
type = DD_u
type = D3_u
type = D4_u
schedule . . . . . . . . . . . . . . . . . . . . . = 0
schedule(default) = 0
value. . . . . . . . . . . . . . . . . . . . . . . = 0.000000e+00
value(default) = 0.000000e+00
collocation. . . . . . . . . . . . . . . . . . . . = false
collocation(default) = false
end: tahoe::nodes::field::kinematic_BC

begin: tahoe::nodes::field::kinematic_BC
node_ID. . . . . . . . . . . . . . . . . . . . . . = 2
dof. . . . . . . . . . . . . . . . . . . . . . . . = 2
type . . . . . . . . . . . . . . . . . . . . . . . = u
type = fixed (default)
type = u
type = D_u
type = DD_u
type = D3_u
type = D4_u
schedule . . . . . . . . . . . . . . . . . . . . . = 1
schedule(default) = 0
value. . . . . . . . . . . . . . . . . . . . . . . = 1.000000e-02
value(default) = 0.000000e+00
collocation. . . . . . . . . . . . . . . . . . . . = false
collocation(default) = false
end: tahoe::nodes::field::kinematic_BC

begin: tahoe::nodes::field::kinematic_BC
node_ID. . . . . . . . . . . . . . . . . . . . . . = 3
dof. . . . . . . . . . . . . . . . . . . . . . . . = 1
type . . . . . . . . . . . . . . . . . . . . . . . = fixed
type = fixed (default)
type = u
type = D_u
type = DD_u
type = D3_u
type = D4_u
schedule . . . . . . . . . . . . . . . . . . . . . = 0
schedule(default) = 0
value. . . . . . . . . . . . . . . . . . . . . . . = 0.000000e+00
value(default) = 0.000000e+00
collocation. . . . . . . . . . . . . . . . . . . . = false
collocation(default) = false
end: tahoe::nodes::field::kinematic_BC

begin: tahoe::nodes::field::kinematic_BC
node_ID. . . . . . . . . . . . . . . . . . . . . . = 4
dof. . . . . . . . . . . . . . . . . . . . . . . . = 1
type . . . . . . . . . . . . . . . . . . . . . . . = fixed
type = fixed (default)
type = u
type = D_u
type = DD_u
type = D3_u
type = D4_u
schedule . . . . . . . . . . . . . . . . . . . . . = 0
schedule(default) = 0
value. . . . . . . . . . . . . . . . . . . . . . . = 0.000000e+00
value(default) = 0.000000e+00
collocation. . . . . . . . . . . . . . . . . . . . = false
collocation(default) = false
end: tahoe::nodes::field::kinematic_BC

end: tahoe::nodes::field

end: tahoe::nodes

begin: tahoe::element_list

begin: tahoe::element_list::updated_lagrangian
field_name . . . . . . . . . . . . . . . . . . . . = displacement
mass_type. . . . . . . . . . . . . . . . . . . . . = automatic
mass_type = automatic (default)
mass_type = no_mass
mass_type = consistent_mass
mass_type = lumped_mass
eigenvalue_inc . . . . . . . . . . . . . . . . . . = 0
eigenvalue_inc >= 0 (default)

begin: tahoe::element_list::updated_lagrangian::quadrilateral
num_ip . . . . . . . . . . . . . . . . . . . . . . = 4
num_ip = 1
num_ip = 4 (default)
num_ip = 5
num_ip = 9
num_ip = 16
end: tahoe::element_list::updated_lagrangian::quadrilateral

begin: tahoe::element_list::updated_lagrangian::solid_element_nodal_output
displacements. . . . . . . . . . . . . . . . . . . = 1
displacements(default) = 1
end: tahoe::element_list::updated_lagrangian::solid_element_nodal_output

begin: tahoe::element_list::updated_lagrangian::large_strain_element_block

begin: tahoe::element_list::updated_lagrangian::large_strain_element_block::block_ID_list

begin: tahoe::element_list::updated_lagrangian::large_strain_element_block::block_ID_list::String
value. . . . . . . . . . . . . . . . . . . . . . . = 1
end: tahoe::element_list::updated_lagrangian::large_strain_element_block::block_ID_list::String

end: tahoe::element_list::updated_lagrangian::large_strain_element_block::block_ID_list

begin: tahoe::element_list::updated_lagrangian::large_strain_element_block::large_strain_material_2D

begin: tahoe::element_list::updated_lagrangian::large_strain_element_block::large_strain_material_2D::Simo_J2_2D
density. . . . . . . . . . . . . . . . . . . . . . = 1.000000e+00
density >= 0.000000e+00
constraint_2D. . . . . . . . . . . . . . . . . . . = plane_strain
constraint_2D = none
constraint_2D = plane_stress
constraint_2D = plane_strain (default)
CTE. . . . . . . . . . . . . . . . . . . . . . . . = 0.000000e+00
CTE(default) = 0.000000e+00

begin: tahoe::element_list::updated_lagrangian::large_strain_element_block::large_strain_material_2D::Simo_J2_2D::E_and_nu
Young_modulus. . . . . . . . . . . . . . . . . . . = 1.000000e+02
Young_modulus > 0.000000e+00
Poisson_ratio. . . . . . . . . . . . . . . . . . . = 2.500000e-01
Poisson_ratio > -1.000000e+00
Poisson_ratio < 5.000000e-01
end: tahoe::element_list::updated_lagrangian::large_strain_element_block::large_strain_material_2D::Simo_J2_2D::E_and_nu

begin: tahoe::element_list::updated_lagrangian::large_strain_element_block::large_strain_material_2D::Simo_J2_2D::linear_function
a. . . . . . . . . . . . . . . . . . . . . . . . . = 0.000000e+00
b. . . . . . . . . . . . . . . . . . . . . . . . . = 1.000000e+02
end: tahoe::element_list::updated_lagrangian::large_strain_element_block::large_strain_material_2D::Simo_J2_2D::linear_function

end: tahoe::element_list::updated_lagrangian::large_strain_element_block::large_strain_material_2D::Simo_J2_2D

end: tahoe::element_list::updated_lagrangian::large_strain_element_block::large_strain_material_2D

end: tahoe::element_list::updated_lagrangian::large_strain_element_block

end: tahoe::element_list::updated_lagrangian

end: tahoe::element_list

begin: tahoe::nonlinear_solver
print_eqnos. . . . . . . . . . . . . . . . . . . . = false
print_eqnos(default) = false
check_code . . . . . . . . . . . . . . . . . . . . = no_check
check_code = no_check (default)
check_code = small_pivots
check_code = all_pivots
check_code = print_LHS
check_code = print_RHS
check_code = print_solution
check_code = check_LHS
check_LHS_perturbation . . . . . . . . . . . . . . = 1.000000e-08
check_LHS_perturbation >= 0.000000e+00
check_LHS_perturbation(default) = 1.000000e-08
max_iterations . . . . . . . . . . . . . . . . . . = 10
min_iterations . . . . . . . . . . . . . . . . . . = 0
min_iterations(default) = 0
reform_tangent_iterations. . . . . . . . . . . . . = 1
reform_tangent_iterations >= 1 (default)
abs_tolerance. . . . . . . . . . . . . . . . . . . = 1.000000e-10
rel_tolerance. . . . . . . . . . . . . . . . . . . = 1.000000e-12
divergence_tolerance . . . . . . . . . . . . . . . = 1.000000e+01
quick_solve_iter . . . . . . . . . . . . . . . . . = 6
quick_solve_iter(default) = 6
quick_solve_count. . . . . . . . . . . . . . . . . = 3
quick_solve_count(default) = 3
output_inc . . . . . . . . . . . . . . . . . . . . = 0
output_inc >= 0 (default)
end: tahoe::nonlinear_solver

end: tahoe


 Linear solver: <MUMPS_matrix> (default: none given in the input)

 E q u a t i o n    S y s t e m    D a t a :

 Local number of equations . . . . . . . . . . . = 10
 Total number of equations . . . . . . . . . . . = 10

 MUMPS sparse direct solver:
    ordering . . . . . . . . . . . . . . . . . . . = PORD
    BLAS . . . . . . . . . . . . . . . . . . . . . = (build dependent)

 Converged at time = 1.000000e+00

 Time = 1.000000e+00
 Step 1 of 1

   Start time: Sun Sep 27 14:35:47 2026
 Construction: 1.036540e-01 sec.
     Solution: 1.011866e+00 sec.
    Stop time: Sun Sep 27 14:35:47 2026

 End Execution

